Archive member included because of file (symbol)

c:/winavr-20100110/bin/../lib/gcc/avr/4.3.3/avr5\libgcc.a(_udivmodhi4.o)
                              ./twi.o (__udivmodhi4)
c:/winavr-20100110/bin/../lib/gcc/avr/4.3.3/avr5\libgcc.a(_udivmodsi4.o)
                              ./uart2.o (__udivmodsi4)
c:/winavr-20100110/bin/../lib/gcc/avr/4.3.3/avr5\libgcc.a(_exit.o)
                              c:/winavr-20100110/bin/../lib/gcc/avr/4.3.3/../../../../avr/lib/avr5/crtm32.o (exit)
c:/winavr-20100110/bin/../lib/gcc/avr/4.3.3/avr5\libgcc.a(_clear_bss.o)
                              ./Control_ECU.o (__do_clear_bss)

Allocating common symbols
Common symbol       size              file

Recived_pass        0x6               ./Control_ECU.o
Main_pass           0x6               ./Control_ECU.o
EEPROM_pass         0x6               ./Control_ECU.o
Timer_config        0x6               ./Control_ECU.o

Memory Configuration

Name             Origin             Length             Attributes
text             0x00000000         0x00020000         xr
data             0x00800060         0x0000ffa0         rw !x
eeprom           0x00810000         0x00010000         rw !x
fuse             0x00820000         0x00000400         rw !x
lock             0x00830000         0x00000400         rw !x
signature        0x00840000         0x00000400         rw !x
*default*        0x00000000         0xffffffff

Linker script and memory map

LOAD c:/winavr-20100110/bin/../lib/gcc/avr/4.3.3/../../../../avr/lib/avr5/crtm32.o
LOAD ./Control_ECU.o
LOAD ./DC_Motor.o
LOAD ./PWM.o
LOAD ./buzzer.o
LOAD ./external_eeprom.o
LOAD ./gpio.o
LOAD ./timer1.o
LOAD ./twi.o
LOAD ./uart2.o
LOAD c:/winavr-20100110/bin/../lib/gcc/avr/4.3.3/avr5\libgcc.a
LOAD c:/winavr-20100110/bin/../lib/gcc/avr/4.3.3/../../../../avr/lib/avr5\libc.a
LOAD c:/winavr-20100110/bin/../lib/gcc/avr/4.3.3/avr5\libgcc.a

.hash
 *(.hash)

.dynsym
 *(.dynsym)

.dynstr
 *(.dynstr)

.gnu.version
 *(.gnu.version)

.gnu.version_d
 *(.gnu.version_d)

.gnu.version_r
 *(.gnu.version_r)

.rel.init
 *(.rel.init)

.rela.init
 *(.rela.init)

.rel.text
 *(.rel.text)
 *(.rel.text.*)
 *(.rel.gnu.linkonce.t*)

.rela.text
 *(.rela.text)
 *(.rela.text.*)
 *(.rela.gnu.linkonce.t*)

.rel.fini
 *(.rel.fini)

.rela.fini
 *(.rela.fini)

.rel.rodata
 *(.rel.rodata)
 *(.rel.rodata.*)
 *(.rel.gnu.linkonce.r*)

.rela.rodata
 *(.rela.rodata)
 *(.rela.rodata.*)
 *(.rela.gnu.linkonce.r*)

.rel.data
 *(.rel.data)
 *(.rel.data.*)
 *(.rel.gnu.linkonce.d*)

.rela.data
 *(.rela.data)
 *(.rela.data.*)
 *(.rela.gnu.linkonce.d*)

.rel.ctors
 *(.rel.ctors)

.rela.ctors
 *(.rela.ctors)

.rel.dtors
 *(.rel.dtors)

.rela.dtors
 *(.rela.dtors)

.rel.got
 *(.rel.got)

.rela.got
 *(.rela.got)

.rel.bss
 *(.rel.bss)

.rela.bss
 *(.rela.bss)

.rel.plt
 *(.rel.plt)

.rela.plt
 *(.rela.plt)

.text           0x00000000     0x130c
 *(.vectors)
 .vectors       0x00000000       0x54 c:/winavr-20100110/bin/../lib/gcc/avr/4.3.3/../../../../avr/lib/avr5/crtm32.o
                0x00000000                __vectors
                0x00000000                __vector_default
 *(.vectors)
 *(.progmem.gcc*)
 *(.progmem*)
                0x00000054                . = ALIGN (0x2)
                0x00000054                __trampolines_start = .
 *(.trampolines)
 .trampolines   0x00000054        0x0 linker stubs
 *(.trampolines*)
                0x00000054                __trampolines_end = .
 *(.jumptables)
 *(.jumptables*)
 *(.lowtext)
 *(.lowtext*)
                0x00000054                __ctors_start = .
 *(.ctors)
                0x00000054                __ctors_end = .
                0x00000054                __dtors_start = .
 *(.dtors)
                0x00000054                __dtors_end = .
 SORT(*)(.ctors)
 SORT(*)(.dtors)
 *(.init0)
 .init0         0x00000054        0x0 c:/winavr-20100110/bin/../lib/gcc/avr/4.3.3/../../../../avr/lib/avr5/crtm32.o
                0x00000054                __init
 *(.init0)
 *(.init1)
 *(.init1)
 *(.init2)
 .init2         0x00000054        0xc c:/winavr-20100110/bin/../lib/gcc/avr/4.3.3/../../../../avr/lib/avr5/crtm32.o
 *(.init2)
 *(.init3)
 *(.init3)
 *(.init4)
 .init4         0x00000060       0x10 c:/winavr-20100110/bin/../lib/gcc/avr/4.3.3/avr5\libgcc.a(_clear_bss.o)
                0x00000060                __do_clear_bss
 *(.init4)
 *(.init5)
 *(.init5)
 *(.init6)
 *(.init6)
 *(.init7)
 *(.init7)
 *(.init8)
 *(.init8)
 *(.init9)
 .init9         0x00000070        0x8 c:/winavr-20100110/bin/../lib/gcc/avr/4.3.3/../../../../avr/lib/avr5/crtm32.o
 *(.init9)
 *(.text)
 .text          0x00000078        0x4 c:/winavr-20100110/bin/../lib/gcc/avr/4.3.3/../../../../avr/lib/avr5/crtm32.o
                0x00000078                __vector_1
                0x00000078                __vector_12
                0x00000078                __bad_interrupt
                0x00000078                __vector_6
                0x00000078                __vector_3
                0x00000078                __vector_11
                0x00000078                __vector_13
                0x00000078                __vector_17
                0x00000078                __vector_19
                0x00000078                __vector_5
                0x00000078                __vector_4
                0x00000078                __vector_2
                0x00000078                __vector_15
                0x00000078                __vector_8
                0x00000078                __vector_14
                0x00000078                __vector_10
                0x00000078                __vector_16
                0x00000078                __vector_18
                0x00000078                __vector_20
 .text          0x0000007c        0x0 ./Control_ECU.o
 .text          0x0000007c        0x0 ./DC_Motor.o
 .text          0x0000007c        0x0 ./PWM.o
 .text          0x0000007c        0x0 ./buzzer.o
 .text          0x0000007c        0x0 ./external_eeprom.o
 .text          0x0000007c        0x0 ./gpio.o
 .text          0x0000007c        0x0 ./timer1.o
 .text          0x0000007c        0x0 ./twi.o
 .text          0x0000007c        0x0 ./uart2.o
 .text          0x0000007c        0x0 c:/winavr-20100110/bin/../lib/gcc/avr/4.3.3/avr5\libgcc.a(_udivmodhi4.o)
 .text          0x0000007c        0x0 c:/winavr-20100110/bin/../lib/gcc/avr/4.3.3/avr5\libgcc.a(_udivmodsi4.o)
 .text          0x0000007c        0x0 c:/winavr-20100110/bin/../lib/gcc/avr/4.3.3/avr5\libgcc.a(_exit.o)
 .text          0x0000007c        0x0 c:/winavr-20100110/bin/../lib/gcc/avr/4.3.3/avr5\libgcc.a(_clear_bss.o)
                0x0000007c                . = ALIGN (0x2)
 *(.text.*)
 .text.main     0x0000007c      0x162 ./Control_ECU.o
                0x0000007c                main
 .text.strcmpp  0x000001de       0x60 ./Control_ECU.o
                0x000001de                strcmpp
 .text.timer_increment
                0x0000023e       0x18 ./Control_ECU.o
                0x0000023e                timer_increment
 .text.order    0x00000256       0x96 ./Control_ECU.o
                0x00000256                order
 .text.DcMotor_Init
                0x000002ec       0x62 ./DC_Motor.o
                0x000002ec                DcMotor_Init
 .text.DcMotor_Rotate
                0x0000034e       0x74 ./DC_Motor.o
                0x0000034e                DcMotor_Rotate
 .text.Timer0_PWM_Init
                0x000003c2       0x38 ./PWM.o
                0x000003c2                Timer0_PWM_Init
 .text.Buzzer_init
                0x000003fa       0x2a ./buzzer.o
                0x000003fa                Buzzer_init
 .text.Buzzer_on
                0x00000424       0x1c ./buzzer.o
                0x00000424                Buzzer_on
 .text.Buzzer_off
                0x00000440       0x1c ./buzzer.o
                0x00000440                Buzzer_off
 .text.EEPROM_init
                0x0000045c       0x2c ./external_eeprom.o
                0x0000045c                EEPROM_init
 .text.EEPROM_writeByte
                0x00000488       0x82 ./external_eeprom.o
                0x00000488                EEPROM_writeByte
 .text.EEPROM_readByte
                0x0000050a       0xc0 ./external_eeprom.o
                0x0000050a                EEPROM_readByte
 .text.EEPROM_writeString
                0x000005ca       0x64 ./external_eeprom.o
                0x000005ca                EEPROM_writeString
 .text.EEPROM_readString
                0x0000062e       0x84 ./external_eeprom.o
                0x0000062e                EEPROM_readString
 .text.GPIO_setupPinDirection
                0x000006b2      0x1d6 ./gpio.o
                0x000006b2                GPIO_setupPinDirection
 .text.GPIO_writePin
                0x00000888      0x1d6 ./gpio.o
                0x00000888                GPIO_writePin
 .text.GPIO_readPin
                0x00000a5e      0x136 ./gpio.o
                0x00000a5e                GPIO_readPin
 .text.GPIO_setupPortDirection
                0x00000b94       0x88 ./gpio.o
                0x00000b94                GPIO_setupPortDirection
 .text.GPIO_writePort
                0x00000c1c       0x88 ./gpio.o
                0x00000c1c                GPIO_writePort
 .text.GPIO_readPort
                0x00000ca4       0x8a ./gpio.o
                0x00000ca4                GPIO_readPort
 .text.__vector_7
                0x00000d2e       0x66 ./timer1.o
                0x00000d2e                __vector_7
 .text.__vector_9
                0x00000d94       0x66 ./timer1.o
                0x00000d94                __vector_9
 .text.Timer1_init
                0x00000dfa      0x134 ./timer1.o
                0x00000dfa                Timer1_init
 .text.Timer1_setCallBack
                0x00000f2e       0x24 ./timer1.o
                0x00000f2e                Timer1_setCallBack
 .text.Timer1_deInit
                0x00000f52       0x64 ./timer1.o
                0x00000f52                Timer1_deInit
 .text.TWI_init
                0x00000fb6       0x70 ./twi.o
                0x00000fb6                TWI_init
 .text.TWI_start
                0x00001026       0x20 ./twi.o
                0x00001026                TWI_start
 .text.TWI_stop
                0x00001046       0x16 ./twi.o
                0x00001046                TWI_stop
 .text.TWI_writeByte
                0x0000105c       0x2e ./twi.o
                0x0000105c                TWI_writeByte
 .text.TWI_readByteWithACK
                0x0000108a       0x26 ./twi.o
                0x0000108a                TWI_readByteWithACK
 .text.TWI_readByteWithNACK
                0x000010b0       0x26 ./twi.o
                0x000010b0                TWI_readByteWithNACK
 .text.TWI_getStatus
                0x000010d6       0x1e ./twi.o
                0x000010d6                TWI_getStatus
 .text.UART_init
                0x000010f4       0x98 ./uart2.o
                0x000010f4                UART_init
 .text.UART_sendByte
                0x0000118c       0x2e ./uart2.o
                0x0000118c                UART_sendByte
 .text.UART_recieveByte
                0x000011ba       0x1e ./uart2.o
                0x000011ba                UART_recieveByte
 .text.UART_sendString
                0x000011d8       0x52 ./uart2.o
                0x000011d8                UART_sendString
 .text.UART_receiveString
                0x0000122a       0x72 ./uart2.o
                0x0000122a                UART_receiveString
 .text.libgcc   0x0000129c       0x28 c:/winavr-20100110/bin/../lib/gcc/avr/4.3.3/avr5\libgcc.a(_udivmodhi4.o)
                0x0000129c                __udivmodhi4
 .text.libgcc   0x000012c4       0x44 c:/winavr-20100110/bin/../lib/gcc/avr/4.3.3/avr5\libgcc.a(_udivmodsi4.o)
                0x000012c4                __udivmodsi4
 .text.libgcc   0x00001308        0x0 c:/winavr-20100110/bin/../lib/gcc/avr/4.3.3/avr5\libgcc.a(_exit.o)
 .text.libgcc   0x00001308        0x0 c:/winavr-20100110/bin/../lib/gcc/avr/4.3.3/avr5\libgcc.a(_clear_bss.o)
                0x00001308                . = ALIGN (0x2)
 *(.fini9)
 .fini9         0x00001308        0x0 c:/winavr-20100110/bin/../lib/gcc/avr/4.3.3/avr5\libgcc.a(_exit.o)
                0x00001308                exit
                0x00001308                _exit
 *(.fini9)
 *(.fini8)
 *(.fini8)
 *(.fini7)
 *(.fini7)
 *(.fini6)
 *(.fini6)
 *(.fini5)
 *(.fini5)
 *(.fini4)
 *(.fini4)
 *(.fini3)
 *(.fini3)
 *(.fini2)
 *(.fini2)
 *(.fini1)
 *(.fini1)
 *(.fini0)
 .fini0         0x00001308        0x4 c:/winavr-20100110/bin/../lib/gcc/avr/4.3.3/avr5\libgcc.a(_exit.o)
 *(.fini0)
                0x0000130c                _etext = .

.data           0x00800060        0x0 load address 0x0000130c
                0x00800060                PROVIDE (__data_start, .)
 *(.data)
 .data          0x00800060        0x0 c:/winavr-20100110/bin/../lib/gcc/avr/4.3.3/../../../../avr/lib/avr5/crtm32.o
 .data          0x00800060        0x0 ./Control_ECU.o
 .data          0x00800060        0x0 ./DC_Motor.o
 .data          0x00800060        0x0 ./PWM.o
 .data          0x00800060        0x0 ./buzzer.o
 .data          0x00800060        0x0 ./external_eeprom.o
 .data          0x00800060        0x0 ./gpio.o
 .data          0x00800060        0x0 ./timer1.o
 .data          0x00800060        0x0 ./twi.o
 .data          0x00800060        0x0 ./uart2.o
 .data          0x00800060        0x0 c:/winavr-20100110/bin/../lib/gcc/avr/4.3.3/avr5\libgcc.a(_udivmodhi4.o)
 .data          0x00800060        0x0 c:/winavr-20100110/bin/../lib/gcc/avr/4.3.3/avr5\libgcc.a(_udivmodsi4.o)
 .data          0x00800060        0x0 c:/winavr-20100110/bin/../lib/gcc/avr/4.3.3/avr5\libgcc.a(_exit.o)
 .data          0x00800060        0x0 c:/winavr-20100110/bin/../lib/gcc/avr/4.3.3/avr5\libgcc.a(_clear_bss.o)
 *(.data*)
 *(.rodata)
 *(.rodata*)
 *(.gnu.linkonce.d*)
                0x00800060                . = ALIGN (0x2)
                0x00800060                _edata = .
                0x00800060                PROVIDE (__data_end, .)

.bss            0x00800060       0x1b
                0x00800060                PROVIDE (__bss_start, .)
 *(.bss)
 .bss           0x00800060        0x0 c:/winavr-20100110/bin/../lib/gcc/avr/4.3.3/../../../../avr/lib/avr5/crtm32.o
 .bss           0x00800060        0x0 ./Control_ECU.o
 .bss           0x00800060        0x0 ./DC_Motor.o
 .bss           0x00800060        0x0 ./PWM.o
 .bss           0x00800060        0x0 ./buzzer.o
 .bss           0x00800060        0x0 ./external_eeprom.o
 .bss           0x00800060        0x0 ./gpio.o
 .bss           0x00800060        0x0 ./timer1.o
 .bss           0x00800060        0x0 ./twi.o
 .bss           0x00800060        0x0 ./uart2.o
 .bss           0x00800060        0x0 c:/winavr-20100110/bin/../lib/gcc/avr/4.3.3/avr5\libgcc.a(_udivmodhi4.o)
 .bss           0x00800060        0x0 c:/winavr-20100110/bin/../lib/gcc/avr/4.3.3/avr5\libgcc.a(_udivmodsi4.o)
 .bss           0x00800060        0x0 c:/winavr-20100110/bin/../lib/gcc/avr/4.3.3/avr5\libgcc.a(_exit.o)
 .bss           0x00800060        0x0 c:/winavr-20100110/bin/../lib/gcc/avr/4.3.3/avr5\libgcc.a(_clear_bss.o)
 *(.bss*)
 .bss.seconds   0x00800060        0x1 ./Control_ECU.o
                0x00800060                seconds
 .bss.g_callBackPtr
                0x00800061        0x2 ./timer1.o
 *(COMMON)
 COMMON         0x00800063       0x18 ./Control_ECU.o
                0x00800063                Recived_pass
                0x00800069                Main_pass
                0x0080006f                EEPROM_pass
                0x00800075                Timer_config
                0x0080007b                PROVIDE (__bss_end, .)
                0x0000130c                __data_load_start = LOADADDR (.data)
                0x0000130c                __data_load_end = (__data_load_start + SIZEOF (.data))

.noinit         0x0080007b        0x0
                0x0080007b                PROVIDE (__noinit_start, .)
 *(.noinit*)
                0x0080007b                PROVIDE (__noinit_end, .)
                0x0080007b                _end = .
                0x0080007b                PROVIDE (__heap_start, .)

.eeprom         0x00810000        0x0
 *(.eeprom*)
                0x00810000                __eeprom_end = .

.fuse
 *(.fuse)
 *(.lfuse)
 *(.hfuse)
 *(.efuse)

.lock
 *(.lock*)

.signature
 *(.signature*)

.stab           0x00000000     0x21fc
 *(.stab)
 .stab          0x00000000      0x744 ./Control_ECU.o
 .stab          0x00000744      0x240 ./DC_Motor.o
                                0x4a4 (size before relaxing)
 .stab          0x00000984      0x174 ./PWM.o
                                0x330 (size before relaxing)
 .stab          0x00000af8      0x1b0 ./buzzer.o
                                0x36c (size before relaxing)
 .stab          0x00000ca8      0x4f8 ./external_eeprom.o
                                0x594 (size before relaxing)
 .stab          0x000011a0      0x624 ./gpio.o
                                0x870 (size before relaxing)
 .stab          0x000017c4      0x384 ./timer1.o
                                0x618 (size before relaxing)
 .stab          0x00001b48      0x33c ./twi.o
                                0x5b8 (size before relaxing)
 .stab          0x00001e84      0x378 ./uart2.o
                                0x5c4 (size before relaxing)

.stabstr        0x00000000     0x10e0
 *(.stabstr)
 .stabstr       0x00000000     0x10e0 ./Control_ECU.o

.stab.excl
 *(.stab.excl)

.stab.exclstr
 *(.stab.exclstr)

.stab.index
 *(.stab.index)

.stab.indexstr
 *(.stab.indexstr)

.comment
 *(.comment)

.debug
 *(.debug)

.line
 *(.line)

.debug_srcinfo
 *(.debug_srcinfo)

.debug_sfnames
 *(.debug_sfnames)

.debug_aranges
 *(.debug_aranges)

.debug_pubnames
 *(.debug_pubnames)

.debug_info
 *(.debug_info)
 *(.gnu.linkonce.wi.*)

.debug_abbrev
 *(.debug_abbrev)

.debug_line
 *(.debug_line)

.debug_frame
 *(.debug_frame)

.debug_str
 *(.debug_str)

.debug_loc
 *(.debug_loc)

.debug_macinfo
 *(.debug_macinfo)
OUTPUT(Control_ECU.elf elf32-avr)
LOAD linker stubs
